"F3D0","F3D1","F3D2","F3D3","F3D5","F3D6","F3D7","F3D8","F3D9"
"F3D0",0,9.10382880192628e-14,0,9.22595333463505e-14,0,0,3.77475828372553e-15,0,0
"F3D1",9.10382880192628e-14,0,0,0,0,0,0,0,0
"F3D2",0,0,0,0,0,0,0,0,3.99680288865056e-15
"F3D3",9.22595333463505e-14,0,0,0,0,0,0,0,0
"F3D5",0,0,0,0,0,0,0,0,0
"F3D6",0,0,0,0,0,0,0,0,0
"F3D7",3.77475828372553e-15,0,0,0,0,0,0,0,0
"F3D8",0,0,0,0,0,0,0,0,0
"F3D9",0,0,3.99680288865056e-15,0,0,0,0,0,0
